Archive member included because of file (symbol)

c:/winavr-20090306rc1/bin/../lib/gcc/avr/4.3.2/avr5\libgcc.a(_exit.o)
                              c:/winavr-20090306rc1/bin/../lib/gcc/avr/4.3.2/../../../../avr/lib/avr5/crtm16.o (exit)
c:/winavr-20090306rc1/bin/../lib/gcc/avr/4.3.2/avr5\libgcc.a(_copy_data.o)
                              NRF24L01.o (__do_copy_data)
c:/winavr-20090306rc1/bin/../lib/gcc/avr/4.3.2/avr5\libgcc.a(_clear_bss.o)
                              NRF24L01.o (__do_clear_bss)

Memory Configuration

Name             Origin             Length             Attributes
text             0x00000000         0x00020000         xr
data             0x00800060         0x0000ffa0         rw !x
eeprom           0x00810000         0x00010000         rw !x
fuse             0x00820000         0x00000400         rw !x
lock             0x00830000         0x00000400         rw !x
signature        0x00840000         0x00000400         rw !x
*default*        0x00000000         0xffffffff

Linker script and memory map

LOAD c:/winavr-20090306rc1/bin/../lib/gcc/avr/4.3.2/../../../../avr/lib/avr5/crtm16.o
LOAD NRF24L01.o
LOAD c:/winavr-20090306rc1/bin/../lib/gcc/avr/4.3.2/avr5\libgcc.a
LOAD c:/winavr-20090306rc1/bin/../lib/gcc/avr/4.3.2/../../../../avr/lib/avr5\libc.a
LOAD c:/winavr-20090306rc1/bin/../lib/gcc/avr/4.3.2/avr5\libgcc.a

.hash
 *(.hash)

.dynsym
 *(.dynsym)

.dynstr
 *(.dynstr)

.gnu.version
 *(.gnu.version)

.gnu.version_d
 *(.gnu.version_d)

.gnu.version_r
 *(.gnu.version_r)

.rel.init
 *(.rel.init)

.rela.init
 *(.rela.init)

.rel.text
 *(.rel.text)
 *(.rel.text.*)
 *(.rel.gnu.linkonce.t*)

.rela.text
 *(.rela.text)
 *(.rela.text.*)
 *(.rela.gnu.linkonce.t*)

.rel.fini
 *(.rel.fini)

.rela.fini
 *(.rela.fini)

.rel.rodata
 *(.rel.rodata)
 *(.rel.rodata.*)
 *(.rel.gnu.linkonce.r*)

.rela.rodata
 *(.rela.rodata)
 *(.rela.rodata.*)
 *(.rela.gnu.linkonce.r*)

.rel.data
 *(.rel.data)
 *(.rel.data.*)
 *(.rel.gnu.linkonce.d*)

.rela.data
 *(.rela.data)
 *(.rela.data.*)
 *(.rela.gnu.linkonce.d*)

.rel.ctors
 *(.rel.ctors)

.rela.ctors
 *(.rela.ctors)

.rel.dtors
 *(.rel.dtors)

.rela.dtors
 *(.rela.dtors)

.rel.got
 *(.rel.got)

.rela.got
 *(.rela.got)

.rel.bss
 *(.rel.bss)

.rela.bss
 *(.rela.bss)

.rel.plt
 *(.rel.plt)

.rela.plt
 *(.rela.plt)

.text           0x00000000      0x492
 *(.vectors)
 .vectors       0x00000000       0x54 c:/winavr-20090306rc1/bin/../lib/gcc/avr/4.3.2/../../../../avr/lib/avr5/crtm16.o
                0x00000000                __vectors
                0x00000000                __vector_default
 *(.vectors)
 *(.progmem.gcc*)
 *(.progmem*)
                0x00000054                . = ALIGN (0x2)
                0x00000054                __trampolines_start = .
 *(.trampolines)
 .trampolines   0x00000054        0x0 linker stubs
 *(.trampolines*)
                0x00000054                __trampolines_end = .
 *(.jumptables)
 *(.jumptables*)
 *(.lowtext)
 *(.lowtext*)
                0x00000054                __ctors_start = .
 *(.ctors)
                0x00000054                __ctors_end = .
                0x00000054                __dtors_start = .
 *(.dtors)
                0x00000054                __dtors_end = .
 SORT(*)(.ctors)
 SORT(*)(.dtors)
 *(.init0)
 .init0         0x00000054        0x0 c:/winavr-20090306rc1/bin/../lib/gcc/avr/4.3.2/../../../../avr/lib/avr5/crtm16.o
                0x00000054                __init
 *(.init0)
 *(.init1)
 *(.init1)
 *(.init2)
 .init2         0x00000054        0xc c:/winavr-20090306rc1/bin/../lib/gcc/avr/4.3.2/../../../../avr/lib/avr5/crtm16.o
 *(.init2)
 *(.init3)
 *(.init3)
 *(.init4)
 .init4         0x00000060       0x16 c:/winavr-20090306rc1/bin/../lib/gcc/avr/4.3.2/avr5\libgcc.a(_copy_data.o)
                0x00000060                __do_copy_data
 .init4         0x00000076       0x10 c:/winavr-20090306rc1/bin/../lib/gcc/avr/4.3.2/avr5\libgcc.a(_clear_bss.o)
                0x00000076                __do_clear_bss
 *(.init4)
 *(.init5)
 *(.init5)
 *(.init6)
 *(.init6)
 *(.init7)
 *(.init7)
 *(.init8)
 *(.init8)
 *(.init9)
 .init9         0x00000086        0x8 c:/winavr-20090306rc1/bin/../lib/gcc/avr/4.3.2/../../../../avr/lib/avr5/crtm16.o
 *(.init9)
 *(.text)
 .text          0x0000008e        0x4 c:/winavr-20090306rc1/bin/../lib/gcc/avr/4.3.2/../../../../avr/lib/avr5/crtm16.o
                0x0000008e                __vector_12
                0x0000008e                __bad_interrupt
                0x0000008e                __vector_6
                0x0000008e                __vector_3
                0x0000008e                __vector_11
                0x0000008e                __vector_13
                0x0000008e                __vector_17
                0x0000008e                __vector_19
                0x0000008e                __vector_7
                0x0000008e                __vector_5
                0x0000008e                __vector_4
                0x0000008e                __vector_9
                0x0000008e                __vector_2
                0x0000008e                __vector_15
                0x0000008e                __vector_8
                0x0000008e                __vector_14
                0x0000008e                __vector_10
                0x0000008e                __vector_16
                0x0000008e                __vector_18
                0x0000008e                __vector_20
 .text          0x00000092      0x3fc NRF24L01.o
                0x00000172                SPI_master_init
                0x000002fa                __vector_1
                0x00000092                NUMTOSEG7
                0x000001b8                SPI_transition
                0x000001c4                SPI_w_reg
                0x0000017e                Port_init
                0x000001e0                SPI_r_reg
                0x00000250                Tx_Packet
                0x00000136                display_led
                0x00000190                init_devices
                0x000003a4                main
                0x00000294                init_nRF24L01
                0x00000208                SPI_write_data
                0x00000232                SPI_read_data
 .text          0x0000048e        0x0 c:/winavr-20090306rc1/bin/../lib/gcc/avr/4.3.2/avr5\libgcc.a(_exit.o)
 .text          0x0000048e        0x0 c:/winavr-20090306rc1/bin/../lib/gcc/avr/4.3.2/avr5\libgcc.a(_copy_data.o)
 .text          0x0000048e        0x0 c:/winavr-20090306rc1/bin/../lib/gcc/avr/4.3.2/avr5\libgcc.a(_clear_bss.o)
                0x0000048e                . = ALIGN (0x2)
 *(.text.*)
 .text.libgcc   0x0000048e        0x0 c:/winavr-20090306rc1/bin/../lib/gcc/avr/4.3.2/avr5\libgcc.a(_exit.o)
 .text.libgcc   0x0000048e        0x0 c:/winavr-20090306rc1/bin/../lib/gcc/avr/4.3.2/avr5\libgcc.a(_copy_data.o)
 .text.libgcc   0x0000048e        0x0 c:/winavr-20090306rc1/bin/../lib/gcc/avr/4.3.2/avr5\libgcc.a(_clear_bss.o)
                0x0000048e                . = ALIGN (0x2)
 *(.fini9)
 .fini9         0x0000048e        0x0 c:/winavr-20090306rc1/bin/../lib/gcc/avr/4.3.2/avr5\libgcc.a(_exit.o)
                0x0000048e                exit
                0x0000048e                _exit
 *(.fini9)
 *(.fini8)
 *(.fini8)
 *(.fini7)
 *(.fini7)
 *(.fini6)
 *(.fini6)
 *(.fini5)
 *(.fini5)
 *(.fini4)
 *(.fini4)
 *(.fini3)
 *(.fini3)
 *(.fini2)
 *(.fini2)
 *(.fini1)
 *(.fini1)
 *(.fini0)
 .fini0         0x0000048e        0x4 c:/winavr-20090306rc1/bin/../lib/gcc/avr/4.3.2/avr5\libgcc.a(_exit.o)
 *(.fini0)
                0x00000492                _etext = .

.data           0x00800060       0x12 load address 0x00000492
                0x00800060                PROVIDE (__data_start, .)
 *(.data)
 .data          0x00800060        0x0 c:/winavr-20090306rc1/bin/../lib/gcc/avr/4.3.2/../../../../avr/lib/avr5/crtm16.o
 .data          0x00800060       0x12 NRF24L01.o
                0x00800066                cnt
                0x00800060                message
                0x0080006d                rx_addr0
                0x00800068                tx_addr
                0x00800065                led_flag
                0x00800064                mes
 .data          0x00800072        0x0 c:/winavr-20090306rc1/bin/../lib/gcc/avr/4.3.2/avr5\libgcc.a(_exit.o)
 .data          0x00800072        0x0 c:/winavr-20090306rc1/bin/../lib/gcc/avr/4.3.2/avr5\libgcc.a(_copy_data.o)
 .data          0x00800072        0x0 c:/winavr-20090306rc1/bin/../lib/gcc/avr/4.3.2/avr5\libgcc.a(_clear_bss.o)
 *(.data*)
 *(.rodata)
 *(.rodata*)
 *(.gnu.linkonce.d*)
                0x00800072                . = ALIGN (0x2)
                0x00800072                _edata = .
                0x00800072                PROVIDE (__data_end, .)

.bss            0x00800072       0x24
                0x00800072                PROVIDE (__bss_start, .)
 *(.bss)
 .bss           0x00800072        0x0 c:/winavr-20090306rc1/bin/../lib/gcc/avr/4.3.2/../../../../avr/lib/avr5/crtm16.o
 .bss           0x00800072       0x24 NRF24L01.o
                0x00800093                cnt2
                0x00800094                reg_d
                0x00800092                mes_index
                0x00800072                buf
 .bss           0x00800096        0x0 c:/winavr-20090306rc1/bin/../lib/gcc/avr/4.3.2/avr5\libgcc.a(_exit.o)
 .bss           0x00800096        0x0 c:/winavr-20090306rc1/bin/../lib/gcc/avr/4.3.2/avr5\libgcc.a(_copy_data.o)
 .bss           0x00800096        0x0 c:/winavr-20090306rc1/bin/../lib/gcc/avr/4.3.2/avr5\libgcc.a(_clear_bss.o)
 *(.bss*)
 *(COMMON)
                0x00800096                PROVIDE (__bss_end, .)
                0x00000492                __data_load_start = LOADADDR (.data)
                0x000004a4                __data_load_end = (__data_load_start + SIZEOF (.data))

.noinit         0x00800096        0x0
                0x00800096                PROVIDE (__noinit_start, .)
 *(.noinit*)
                0x00800096                PROVIDE (__noinit_end, .)
                0x00800096                _end = .
                0x00800096                PROVIDE (__heap_start, .)

.eeprom         0x00810000        0x0
 *(.eeprom*)
                0x00810000                __eeprom_end = .

.fuse
 *(.fuse)
 *(.lfuse)
 *(.hfuse)
 *(.efuse)

.lock
 *(.lock*)

.signature
 *(.signature*)

.stab           0x00000000      0x6b4
 *(.stab)
 .stab          0x00000000      0x6b4 c:/winavr-20090306rc1/bin/../lib/gcc/avr/4.3.2/../../../../avr/lib/avr5/crtm16.o

.stabstr        0x00000000       0x5f
 *(.stabstr)
 .stabstr       0x00000000       0x5f c:/winavr-20090306rc1/bin/../lib/gcc/avr/4.3.2/../../../../avr/lib/avr5/crtm16.o

.stab.excl
 *(.stab.excl)

.stab.exclstr
 *(.stab.exclstr)

.stab.index
 *(.stab.index)

.stab.indexstr
 *(.stab.indexstr)

.comment
 *(.comment)

.debug
 *(.debug)

.line
 *(.line)

.debug_srcinfo
 *(.debug_srcinfo)

.debug_sfnames
 *(.debug_sfnames)

.debug_aranges  0x00000000       0x20
 *(.debug_aranges)
 .debug_aranges
                0x00000000       0x20 NRF24L01.o

.debug_pubnames
                0x00000000      0x15a
 *(.debug_pubnames)
 .debug_pubnames
                0x00000000      0x15a NRF24L01.o

.debug_info     0x00000000      0x75a
 *(.debug_info)
 .debug_info    0x00000000      0x75a NRF24L01.o
 *(.gnu.linkonce.wi.*)

.debug_abbrev   0x00000000      0x23c
 *(.debug_abbrev)
 .debug_abbrev  0x00000000      0x23c NRF24L01.o

.debug_line     0x00000000      0x762
 *(.debug_line)
 .debug_line    0x00000000      0x762 NRF24L01.o

.debug_frame    0x00000000       0xf0
 *(.debug_frame)
 .debug_frame   0x00000000       0xf0 NRF24L01.o

.debug_str      0x00000000      0x1db
 *(.debug_str)
 .debug_str     0x00000000      0x1db NRF24L01.o
                                0x219 (size before relaxing)

.debug_loc      0x00000000      0x405
 *(.debug_loc)
 .debug_loc     0x00000000      0x405 NRF24L01.o

.debug_macinfo
 *(.debug_macinfo)
OUTPUT(NRF24L01.elf elf32-avr)
LOAD linker stubs

.debug_ranges   0x00000000       0x90
 .debug_ranges  0x00000000       0x90 NRF24L01.o
